/dts-v1/;

/  {

	foo {

		compatible = "simple-bus";
	};
};
